My diff reporter open a new window of my default diff tool. It works!